******************************************************************************
                  TI ARM Linker PC v18.1.2                     
******************************************************************************
>> Linked Mon Sep  3 22:25:08 2018

OUTPUT FILE NAME:   <example_standalone_driverlib2.out>
ENTRY POINT SYMBOL: "_c_int00_noinit_noargs"  address: 00001231


MEMORY CONFIGURATION

         name            origin    length      used     unused   attr    fill
----------------------  --------  ---------  --------  --------  ----  --------
  FLASH                 00000000   00100000  0000130e  000fecf2  R  X
  SRAM                  20000000   00040000  00000200  0003fe00  RW X


SEGMENT ALLOCATION MAP

run origin  load origin   length   init length attrs members
----------  ----------- ---------- ----------- ----- -------
00000000    00000000    00001310   00001310    r-x
  00000000    00000000    00000208   00000208    r-- .intvecs
  00000208    00000208    00001076   00001076    r-x .text
  00001280    00001280    00000090   00000090    r-- .const
20000000    20000000    00000200   00000000    rw-
  20000000    20000000    00000200   00000000    rw- .stack


SECTION ALLOCATION MAP

 output                                  attributes/
section   page    origin      length       input sections
--------  ----  ----------  ----------   ----------------
.intvecs   0    00000000    00000208     
                  00000000    00000208     tm4c1294ncpdt_startup_ccs.obj (.intvecs)

.text      0    00000208    00001076     
                  00000208    000003e8     driverlib.lib : sysctl.obj (.text:_SysCtlPeripheralValid)
                  000005f0    000002ef                   : gpio.obj (.text:GPIOPadConfigSet)
                  000008df    00000001     --HOLE-- [fill = 0]
                  000008e0    00000150                   : gpio.obj (.text:_GPIOBaseValid)
                  00000a30    000000e3                   : uart.obj (.text:UARTConfigSetExpClk)
                  00000b13    00000001     --HOLE-- [fill = 0]
                  00000b14    000000c8                   : gpio.obj (.text:GPIOPinConfigure)
                  00000bdc    000000bc     main.obj (.text)
                  00000c98    000000bb     driverlib.lib : gpio.obj (.text:GPIODirModeSet)
                  00000d53    00000001     --HOLE-- [fill = 0]
                  00000d54    00000090                   : sysctl.obj (.text:SysCtlPeripheralEnable)
                  00000de4    0000007a     rtsv7M4_T_le_v4SPD16_eabi.lib : memset_t2.asm.obj (.text)
                  00000e5e    00000002     --HOLE-- [fill = 0]
                  00000e60    00000074     driverlib.lib : uart.obj (.text:UARTDisable)
                  00000ed4    00000073                   : uart.obj (.text:UARTFlowControlSet)
                  00000f47    00000001     --HOLE-- [fill = 0]
                  00000f48    00000070                   : uart.obj (.text:_UARTBaseValid)
                  00000fb8    0000006f                   : gpio.obj (.text:GPIOPinTypeUART)
                  00001027    00000001     --HOLE-- [fill = 0]
                  00001028    0000006f                   : uart.obj (.text:UARTClockSourceSet)
                  00001097    00000001     --HOLE-- [fill = 0]
                  00001098    0000006b                   : uart.obj (.text:UARTEnable)
                  00001103    00000001     --HOLE-- [fill = 0]
                  00001104    00000063                   : uart.obj (.text:UARTCharGetNonBlocking)
                  00001167    00000001     --HOLE-- [fill = 0]
                  00001168    00000063                   : uart.obj (.text:UARTCharPut)
                  000011cb    00000001     --HOLE-- [fill = 0]
                  000011cc    00000063                   : uart.obj (.text:UARTCharsAvail)
                  0000122f    00000001     --HOLE-- [fill = 0]
                  00001230    00000030     rtsv7M4_T_le_v4SPD16_eabi.lib : boot_cortex_m.c.obj (.text:_c_int00_noinit_noargs:_c_int00_noinit_noargs)
                  00001260    0000000c     tm4c1294ncpdt_startup_ccs.obj (.text)
                  0000126c    0000000a     driverlib.lib : debug.obj (.text:__error__)
                  00001276    00000004     rtsv7M4_T_le_v4SPD16_eabi.lib : pre_init.c.obj (.text:_system_pre_init)
                  0000127a    00000004                                   : exit.c.obj (.text:abort:abort)

.const     0    00001280    00000090     
                  00001280    00000090     driverlib.lib : gpio.obj (.const:g_pui32GPIOBaseAddrs)

.cinit     0    00000000    00000000     UNINITIALIZED

.init_array 
*          0    00000000    00000000     UNINITIALIZED

.stack     0    20000000    00000200     UNINITIALIZED
                  20000000    00000004     rtsv7M4_T_le_v4SPD16_eabi.lib : boot_cortex_m.c.obj (.stack)
                  20000004    000001fc     --HOLE--

MODULE SUMMARY

       Module                          code   ro data   rw data
       ------                          ----   -------   -------
    .\
       tm4c1294ncpdt_startup_ccs.obj   12     520       0      
       main.obj                        188    0         0      
    +--+-------------------------------+------+---------+---------+
       Total:                          200    520       0      
                                                               
    C:/Users/Dominic/git/driverlib_public/driverlib/ccs/Debug/driverlib.lib
       gpio.obj                        1585   144       0      
       sysctl.obj                      1144   0         0      
       uart.obj                        1085   0         0      
       debug.obj                       10     0         0      
    +--+-------------------------------+------+---------+---------+
       Total:                          3824   144       0      
                                                               
    C:\ti\ccsv8\tools\compiler\ti-cgt-arm_18.1.2.LTS\lib\rtsv7M4_T_le_v4SPD16_eabi.lib
       memset_t2.asm.obj               122    0         0      
       boot_cortex_m.c.obj             48     0         0      
       exit.c.obj                      4      0         0      
       pre_init.c.obj                  4      0         0      
    +--+-------------------------------+------+---------+---------+
       Total:                          178    0         0      
                                                               
       Stack:                          0      0         512    
    +--+-------------------------------+------+---------+---------+
       Grand Total:                    4202   664       512    


GLOBAL SYMBOLS: SORTED ALPHABETICALLY BY Name 

address   name                  
-------   ----                  
0000127b  C$$EXIT               
00000c99  GPIODirModeSet        
000005f1  GPIOPadConfigSet      
00000b15  GPIOPinConfigure      
00000fb9  GPIOPinTypeUART       
00001261  ResetISR              
00000d55  SysCtlPeripheralEnable
00001105  UARTCharGetNonBlocking
00001169  UARTCharPut           
000011cd  UARTCharsAvail        
00001029  UARTClockSourceSet    
00000a31  UARTConfigSetExpClk   
00000e61  UARTDisable           
00001099  UARTEnable            
00000ed5  UARTFlowControlSet    
20000200  __STACK_END           
00000200  __STACK_SIZE          
20000200  __STACK_TOP           
ffffffff  __TI_pprof_out_hndl   
ffffffff  __TI_prof_data_size   
ffffffff  __TI_prof_data_start  
00000000  __TI_static_base__    
00000de5  __aeabi_memclr        
00000de5  __aeabi_memclr4       
00000de5  __aeabi_memclr8       
00000de7  __aeabi_memset        
00000de7  __aeabi_memset4       
00000de7  __aeabi_memset8       
ffffffff  __binit__             
ffffffff  __c_args__            
0000126d  __error__             
UNDEFED   __mpu_init            
20000000  __stack               
00001231  _c_int00_noinit_noargs
00001277  _system_pre_init      
0000127b  abort                 
ffffffff  binit                 
00000000  g_pfnVectors          
00000bdd  main                  
00000ded  memset                


GLOBAL SYMBOLS: SORTED BY Symbol Address 

address   name                  
-------   ----                  
00000000  __TI_static_base__    
00000000  g_pfnVectors          
00000200  __STACK_SIZE          
000005f1  GPIOPadConfigSet      
00000a31  UARTConfigSetExpClk   
00000b15  GPIOPinConfigure      
00000bdd  main                  
00000c99  GPIODirModeSet        
00000d55  SysCtlPeripheralEnable
00000de5  __aeabi_memclr        
00000de5  __aeabi_memclr4       
00000de5  __aeabi_memclr8       
00000de7  __aeabi_memset        
00000de7  __aeabi_memset4       
00000de7  __aeabi_memset8       
00000ded  memset                
00000e61  UARTDisable           
00000ed5  UARTFlowControlSet    
00000fb9  GPIOPinTypeUART       
00001029  UARTClockSourceSet    
00001099  UARTEnable            
00001105  UARTCharGetNonBlocking
00001169  UARTCharPut           
000011cd  UARTCharsAvail        
00001231  _c_int00_noinit_noargs
00001261  ResetISR              
0000126d  __error__             
00001277  _system_pre_init      
0000127b  C$$EXIT               
0000127b  abort                 
20000000  __stack               
20000200  __STACK_END           
20000200  __STACK_TOP           
ffffffff  __TI_pprof_out_hndl   
ffffffff  __TI_prof_data_size   
ffffffff  __TI_prof_data_start  
ffffffff  __binit__             
ffffffff  __c_args__            
ffffffff  binit                 
UNDEFED   __mpu_init            

[40 symbols]
